// Jest Snapshot v1, https://goo.gl/fbAQLP

exports[`test Home page snapshot test 1`] = `
<Fragment>
  <h1>
    This is Home Page
  </h1>
  <strong>
    state is 
    0
  </strong>
  <br />
  <button
    onClick={[Function]}
  >
    revert state
  </button>
</Fragment>
`;
