// Jest Snapshot v1, https://goo.gl/fbAQLP

exports[`test app list page should success render 1`] = `
<div>
  <span>
    this is app detail
  </span>
  <li>
    <Link
      to="/app/1"
    >
      this is detail NO.1
    </Link>
  </li>
  <li>
    <Link
      to="/app/2"
    >
      this is detail NO.2
    </Link>
  </li>
</div>
`;
